FILE_TYPE=LIBRARY_PARTS;
PRIMITIVE 'TZMC3V3_GS08','TZMC3V3_GS08_Other';
  PIN
    'K':
      PIN_NUMBER='(1)';
      NO_LOAD_CHECK=BOTH;
      NO_IO_CHECK=BOTH;
      ALLOW_CONNECT=TRUE;
      PINUSE='UNSPEC';
    'A':
      PIN_NUMBER='(2)';
      NO_LOAD_CHECK=BOTH;
      NO_IO_CHECK=BOTH;
      ALLOW_CONNECT=TRUE;
      PINUSE='UNSPEC';
  END_PIN;
  BODY
    PART_NAME='TZMC3V3_GS08';
    PHYS_DES_PREFIX='Z';
    NO_LOAD_CHECK='TRUE';
    PIN_COUNT='2';
    BODY_NAME='TZMC3V3_GS08';
    JEDEC_TYPE='TZMC3V3GS08';
  END_BODY;
END_PRIMITIVE;
END.
